******************************************************************************
                  TI ARM Linker PC v20.2.0                     
******************************************************************************
>> Linked Thu Jun 11 12:39:19 2020

OUTPUT FILE NAME:   <DoorStateMachine.out>
ENTRY POINT SYMBOL: "_c_int00_noargs"  address: 00001241


MEMORY CONFIGURATION

         name            origin    length      used     unused   attr    fill
----------------------  --------  ---------  --------  --------  ----  --------
  FLASH                 00000000   00040000  0000155e  0003eaa2  R  X
  SRAM                  20000000   00008000  0000021d  00007de3  RW X


SEGMENT ALLOCATION MAP

run origin  load origin   length   init length attrs members
----------  ----------- ---------- ----------- ----- -------
00000000    00000000    00001560   00001560    r-x
  00000000    00000000    0000026c   0000026c    r-- .intvecs
  0000026c    0000026c    0000116e   0000116e    r-x .text
  000013dc    000013dc    00000154   00000154    r-- .const
  00001530    00001530    00000030   00000030    r-- .cinit
20000000    20000000    0000021d   00000000    rw-
  20000000    20000000    00000200   00000000    rw- .stack
  20000200    20000200    00000018   00000000    rw- .bss
  20000218    20000218    00000005   00000000    rw- .data


SECTION ALLOCATION MAP

 output                                  attributes/
section   page    origin      length       input sections
--------  ----  ----------  ----------   ----------------
.intvecs   0    00000000    0000026c     
                  00000000    0000026c     tm4c123gh6pm_startup_ccs.obj (.intvecs)

.text      0    0000026c    0000116e     
                  0000026c    0000049c     uartstdio.obj (.text)
                  00000708    000003c4     DoorStateMachine.obj (.text)
                  00000acc    0000016c     driverlib.lib : gpio.obj (.text:GPIOPadConfigSet)
                  00000c38    00000118                   : sysctl.obj (.text:SysCtlClockGet)
                  00000d50    000000f4                   : sysctl.obj (.text:SysCtlClockSet)
                  00000e44    0000009c     rtsv7M4_T_le_v4SPD16_eabi.lib : memcpy_t2.asm.obj (.text)
                  00000ee0    0000009c     switches.obj (.text)
                  00000f7c    00000078     main.obj (.text)
                  00000ff4    00000068     rtsv7M4_T_le_v4SPD16_eabi.lib : copy_decompress_lzss.c.obj (.text:decompress:lzss:__TI_decompress_lzss)
                  0000105c    00000060     led.obj (.text)
                  000010bc    0000004c     driverlib.lib : gpio.obj (.text:GPIOPinConfigure)
                  00001108    00000046                   : uart.obj (.text:UARTConfigSetExpClk)
                  0000114e    00000002     rtsv7M4_T_le_v4SPD16_eabi.lib : div0.asm.obj (.text)
                  00001150    00000044                                   : autoinit.c.obj (.text:__TI_auto_init_nobinit_nopinit:__TI_auto_init_nobinit_nopinit)
                  00001194    00000040                                   : u_divt2.asm.obj (.text)
                  000011d4    00000038     driverlib.lib : sysctl.obj (.text:SysCtlPeripheralPresent)
                  0000120c    00000034                   : sysctl.obj (.text:SysCtlPeripheralEnable)
                  00001240    00000034     rtsv7M4_T_le_v4SPD16_eabi.lib : boot_cortex_m.c.obj (.text:_c_int00_noargs:_c_int00_noargs)
                  00001274    0000002c     driverlib.lib : gpio.obj (.text:GPIODirModeSet)
                  000012a0    00000020     Systemtick.obj (.text)
                  000012c0    00000020     driverlib.lib : uart.obj (.text:UARTDisable)
                  000012e0    0000001c     rtsv7M4_T_le_v4SPD16_eabi.lib : copy_zero_init.c.obj (.text:decompress:ZI:__TI_zero_init_nomemset:__TI_zero_init_nomemset)
                  000012fc    0000001a     driverlib.lib : gpio.obj (.text:GPIOPinTypeGPIOOutput)
                  00001316    00000016                   : gpio.obj (.text:GPIOPinTypeUART)
                  0000132c    00000014                   : systick.obj (.text:SysTickDisable)
                  00001340    00000014                   : systick.obj (.text:SysTickEnable)
                  00001354    00000014                   : systick.obj (.text:SysTickIntEnable)
                  00001368    00000014                   : uart.obj (.text:UARTEnable)
                  0000137c    00000010                   : systick.obj (.text:SysTickPeriodSet)
                  0000138c    0000000e     rtsv7M4_T_le_v4SPD16_eabi.lib : copy_decompress_none.c.obj (.text:decompress:none:__TI_decompress_none)
                  0000139a    0000000c     tm4c123gh6pm_startup_ccs.obj (.text)
                  000013a6    0000000a     driverlib.lib : uart.obj (.text:UARTCharGet)
                  000013b0    0000000a                   : uart.obj (.text:UARTCharPut)
                  000013ba    00000006                   : gpio.obj (.text:GPIOPinRead)
                  000013c0    00000006                   : gpio.obj (.text:GPIOPinWrite)
                  000013c6    00000006                   : sysctl.obj (.text:SysCtlDelay)
                  000013cc    00000006                   : uart.obj (.text:UARTClockSourceSet)
                  000013d2    00000004     rtsv7M4_T_le_v4SPD16_eabi.lib : pre_init.c.obj (.text:_system_pre_init)
                  000013d6    00000004                                   : exit.c.obj (.text:abort:abort)

.const     0    000013dc    00000154     
                  000013dc    00000090     driverlib.lib : gpio.obj (.const:g_pui32GPIOBaseAddrs)
                  0000146c    0000006c                   : sysctl.obj (.const:g_pui32Xtals)
                  000014d8    00000019     DoorStateMachine.obj (.const:.string:$P$T0$1)
                  000014f1    00000003     --HOLE-- [fill = 0]
                  000014f4    00000012     uartstdio.obj (.const:.string)
                  00001506    00000002     --HOLE-- [fill = 0]
                  00001508    0000000c     uartstdio.obj (.const:g_ui32UARTBase)
                  00001514    0000000c     uartstdio.obj (.const:g_ui32UARTPeriph)
                  00001520    0000000c     led.obj (.const:ledPin)
                  0000152c    00000004     uartstdio.obj (.const)

.cinit     0    00001530    00000030     
                  00001530    0000000c     (__TI_handler_table)
                  0000153c    00000004     --HOLE-- [fill = 0]
                  00001540    00000008     (.cinit..bss.load) [load image, compression = zero_init]
                  00001548    00000007     (.cinit..data.load) [load image, compression = lzss]
                  0000154f    00000001     --HOLE-- [fill = 0]
                  00001550    00000010     (__TI_cinit_table)

.init_array 
*          0    00000000    00000000     UNINITIALIZED

.bss       0    20000200    00000018     UNINITIALIZED
                  20000200    00000018     DoorStateMachine.obj (.bss)

.data      0    20000218    00000005     UNINITIALIZED
                  20000218    00000005     uartstdio.obj (.data)

.stack     0    20000000    00000200     UNINITIALIZED
                  20000000    00000004     rtsv7M4_T_le_v4SPD16_eabi.lib : boot_cortex_m.c.obj (.stack)
                  20000004    000001fc     --HOLE--

__llvm_prf_cnts 
*          0    20000000    00000000     UNINITIALIZED

MODULE SUMMARY

       Module                         code   ro data   rw data
       ------                         ----   -------   -------
    .\
       uartstdio.obj                  1180   46        5      
       DoorStateMachine.obj           964    25        24     
       tm4c123gh6pm_startup_ccs.obj   12     620       0      
       switches.obj                   156    0         0      
       main.obj                       120    0         0      
       led.obj                        96     12        0      
       Systemtick.obj                 32     0         0      
    +--+------------------------------+------+---------+---------+
       Total:                         2560   703       29     
                                                              
    C:/ti/TivaWare_C_Series-2.2.0.295/driverlib/ccs/Debug/driverlib.lib
       sysctl.obj                     638    108       0      
       gpio.obj                       544    144       0      
       uart.obj                       148    0         0      
       systick.obj                    76     0         0      
    +--+------------------------------+------+---------+---------+
       Total:                         1406   252       0      
                                                              
    C:\ti\ccs1000\ccs\tools\compiler\ti-cgt-arm_20.2.0.LTS\lib\rtsv7M4_T_le_v4SPD16_eabi.lib
       memcpy_t2.asm.obj              156    0         0      
       copy_decompress_lzss.c.obj     104    0         0      
       autoinit.c.obj                 68     0         0      
       u_divt2.asm.obj                64     0         0      
       boot_cortex_m.c.obj            52     0         0      
       copy_zero_init.c.obj           28     0         0      
       copy_decompress_none.c.obj     14     0         0      
       exit.c.obj                     4      0         0      
       pre_init.c.obj                 4      0         0      
       div0.asm.obj                   2      0         0      
    +--+------------------------------+------+---------+---------+
       Total:                         496    0         0      
                                                              
       Stack:                         0      0         512    
       Linker Generated:              0      43        0      
    +--+------------------------------+------+---------+---------+
       Grand Total:                   4462   998       541    


LINKER GENERATED COPY TABLES

__TI_cinit_table @ 00001550 records: 2, size/record: 8, table size: 16
	.bss: load addr=00001540, load size=00000008 bytes, run addr=20000200, run size=00000018 bytes, compression=zero_init
	.data: load addr=00001548, load size=00000007 bytes, run addr=20000218, run size=00000005 bytes, compression=lzss


LINKER GENERATED HANDLER TABLE

__TI_handler_table @ 00001530 records: 3, size/record: 4, table size: 12
	index: 0, handler: __TI_decompress_lzss
	index: 1, handler: __TI_decompress_none
	index: 2, handler: __TI_zero_init


GLOBAL SYMBOLS: SORTED ALPHABETICALLY BY Name 

address   name                          
-------   ----                          
000013d7  C$$EXIT                       
00001275  GPIODirModeSet                
00000acd  GPIOPadConfigSet              
000010bd  GPIOPinConfigure              
000013bb  GPIOPinRead                   
000012fd  GPIOPinTypeGPIOOutput         
00001317  GPIOPinTypeUART               
000013c1  GPIOPinWrite                  
00000f7d  InitConsole                   
0000139b  ResetISR                      
00000c39  SysCtlClockGet                
00000d51  SysCtlClockSet                
000013c7  SysCtlDelay                   
0000120d  SysCtlPeripheralEnable        
000011d5  SysCtlPeripheralPresent       
0000132d  SysTickDisable                
00001341  SysTickEnable                 
00001355  SysTickIntEnable              
0000137d  SysTickPeriodSet              
000008f9  SystickIntHandler             
000012a1  Systick_Init                  
000013a7  UARTCharGet                   
000013b1  UARTCharPut                   
000013cd  UARTClockSourceSet            
00001109  UARTConfigSetExpClk           
000012c1  UARTDisable                   
00001369  UARTEnable                    
0000026d  UARTStdioConfig               
000003b3  UARTgetc                      
000002f9  UARTgets                      
000006d3  UARTprintf                    
000003d9  UARTvprintf                   
000002b3  UARTwrite                     
20000200  __STACK_END                   
00000200  __STACK_SIZE                  
20000200  __STACK_TOP                   
00001550  __TI_CINIT_Base               
00001560  __TI_CINIT_Limit              
00001530  __TI_Handler_Table_Base       
0000153c  __TI_Handler_Table_Limit      
00001151  __TI_auto_init_nobinit_nopinit
00000ff5  __TI_decompress_lzss          
0000138d  __TI_decompress_none          
ffffffff  __TI_pprof_out_hndl           
ffffffff  __TI_prof_data_size           
ffffffff  __TI_prof_data_start          
00000000  __TI_static_base__            
000012e1  __TI_zero_init_nomemset       
0000114f  __aeabi_idiv0                 
0000114f  __aeabi_ldiv0                 
00000e45  __aeabi_memcpy                
00000e45  __aeabi_memcpy4               
00000e45  __aeabi_memcpy8               
00001195  __aeabi_uidiv                 
00001195  __aeabi_uidivmod              
ffffffff  __binit__                     
ffffffff  __c_args__                    
UNDEFED   __mpu_init                    
20000000  __stack                       
20000000  __start___llvm_prf_cnts       
20000000  __stop___llvm_prf_cnts        
00001241  _c_int00_noargs               
UNDEFED   _system_post_cinit            
000013d3  _system_pre_init              
000013d7  abort                         
ffffffff  binit                         
00000803  doorStateMachineUpdate        
00000000  g_pfnVectors                  
0000106f  ledControl                    
0000105d  ledInit                       
00001520  ledPin                        
00000891  ledStateMachineUpdate         
00000fb9  main                          
00000e45  memcpy                        
00000709  motionStateMachineUpdate      
00000ee1  switchInit                    
00000f29  switchState                   


GLOBAL SYMBOLS: SORTED BY Symbol Address 

address   name                          
-------   ----                          
00000000  __TI_static_base__            
00000000  g_pfnVectors                  
00000200  __STACK_SIZE                  
0000026d  UARTStdioConfig               
000002b3  UARTwrite                     
000002f9  UARTgets                      
000003b3  UARTgetc                      
000003d9  UARTvprintf                   
000006d3  UARTprintf                    
00000709  motionStateMachineUpdate      
00000803  doorStateMachineUpdate        
00000891  ledStateMachineUpdate         
000008f9  SystickIntHandler             
00000acd  GPIOPadConfigSet              
00000c39  SysCtlClockGet                
00000d51  SysCtlClockSet                
00000e45  __aeabi_memcpy                
00000e45  __aeabi_memcpy4               
00000e45  __aeabi_memcpy8               
00000e45  memcpy                        
00000ee1  switchInit                    
00000f29  switchState                   
00000f7d  InitConsole                   
00000fb9  main                          
00000ff5  __TI_decompress_lzss          
0000105d  ledInit                       
0000106f  ledControl                    
000010bd  GPIOPinConfigure              
00001109  UARTConfigSetExpClk           
0000114f  __aeabi_idiv0                 
0000114f  __aeabi_ldiv0                 
00001151  __TI_auto_init_nobinit_nopinit
00001195  __aeabi_uidiv                 
00001195  __aeabi_uidivmod              
000011d5  SysCtlPeripheralPresent       
0000120d  SysCtlPeripheralEnable        
00001241  _c_int00_noargs               
00001275  GPIODirModeSet                
000012a1  Systick_Init                  
000012c1  UARTDisable                   
000012e1  __TI_zero_init_nomemset       
000012fd  GPIOPinTypeGPIOOutput         
00001317  GPIOPinTypeUART               
0000132d  SysTickDisable                
00001341  SysTickEnable                 
00001355  SysTickIntEnable              
00001369  UARTEnable                    
0000137d  SysTickPeriodSet              
0000138d  __TI_decompress_none          
0000139b  ResetISR                      
000013a7  UARTCharGet                   
000013b1  UARTCharPut                   
000013bb  GPIOPinRead                   
000013c1  GPIOPinWrite                  
000013c7  SysCtlDelay                   
000013cd  UARTClockSourceSet            
000013d3  _system_pre_init              
000013d7  C$$EXIT                       
000013d7  abort                         
00001520  ledPin                        
00001530  __TI_Handler_Table_Base       
0000153c  __TI_Handler_Table_Limit      
00001550  __TI_CINIT_Base               
00001560  __TI_CINIT_Limit              
20000000  __stack                       
20000000  __start___llvm_prf_cnts       
20000000  __stop___llvm_prf_cnts        
20000200  __STACK_END                   
20000200  __STACK_TOP                   
ffffffff  __TI_pprof_out_hndl           
ffffffff  __TI_prof_data_size           
ffffffff  __TI_prof_data_start          
ffffffff  __binit__                     
ffffffff  __c_args__                    
ffffffff  binit                         
UNDEFED   __mpu_init                    
UNDEFED   _system_post_cinit            

[77 symbols]
